2025-04-12 12:37:33 - ERROR - *****COMPILING FAIL BY ERROR SYSTEM: Task java.util.concurrent.FutureTask@2ca4a59c[Not completed, task = myself.programing.coding.services.javaCoding.threads.ThreadForJavaCompileCode$$Lambda/0x0000024d2151ee10@289b3457] rejected from java.util.concurrent.ThreadPoolExecutor@3d19d85[Terminated, pool size = 0, active threads = 0, queued tasks = 0, completed tasks = 1]*****
2025-04-12 12:37:38 - ERROR - *****COMPILING FAIL BY ERROR SYSTEM: Task java.util.concurrent.FutureTask@67ee6597[Not completed, task = myself.programing.coding.services.javaCoding.threads.ThreadForJavaCompileCode$$Lambda/0x0000024d2151ee10@692996c2] rejected from java.util.concurrent.ThreadPoolExecutor@3d19d85[Terminated, pool size = 0, active threads = 0, queued tasks = 0, completed tasks = 1]*****
2025-04-12 12:37:39 - ERROR - *****COMPILING FAIL BY ERROR SYSTEM: Task java.util.concurrent.FutureTask@121e6935[Not completed, task = myself.programing.coding.services.javaCoding.threads.ThreadForJavaCompileCode$$Lambda/0x0000024d2151ee10@1cd984de] rejected from java.util.concurrent.ThreadPoolExecutor@3d19d85[Terminated, pool size = 0, active threads = 0, queued tasks = 0, completed tasks = 1]*****
2025-04-12 12:37:39 - ERROR - *****COMPILING FAIL BY ERROR SYSTEM: Task java.util.concurrent.FutureTask@290c1e47[Not completed, task = myself.programing.coding.services.javaCoding.threads.ThreadForJavaCompileCode$$Lambda/0x0000024d2151ee10@27cbf4ce] rejected from java.util.concurrent.ThreadPoolExecutor@3d19d85[Terminated, pool size = 0, active threads = 0, queued tasks = 0, completed tasks = 1]*****
2025-04-12 12:41:49 - INFO - Tomcat initialized with port 8080 (http)
2025-04-12 12:41:49 - INFO - Initializing ProtocolHandler ["http-nio-8080"]
2025-04-12 12:41:49 - INFO - Starting service [Tomcat]
2025-04-12 12:41:49 - INFO - Starting Servlet engine: [Apache Tomcat/10.1.39]
2025-04-12 12:41:49 - INFO - Initializing Spring embedded WebApplicationContext
2025-04-12 12:41:49 - INFO - Root WebApplicationContext: initialization completed in 1042 ms
2025-04-12 12:41:50 - INFO - Starting ProtocolHandler ["http-nio-8080"]
2025-04-12 12:41:50 - INFO - Tomcat started on port 8080 (http) with context path '/'
2025-04-12 12:41:59 - INFO - Initializing Spring DispatcherServlet 'dispatcherServlet'
2025-04-12 12:41:59 - INFO - Initializing Servlet 'dispatcherServlet'
2025-04-12 12:41:59 - INFO - Completed initialization in 0 ms
2025-04-12 12:42:00 - ERROR - Execute fail: docker exec jdk21-container javac file_run_1002/Car.java with exit code 1
2025-04-12 12:46:39 - INFO - Commencing graceful shutdown. Waiting for active requests to complete
2025-04-12 12:46:39 - INFO - Graceful shutdown complete
2025-04-12 12:46:42 - INFO - Tomcat initialized with port 8080 (http)
2025-04-12 12:46:42 - INFO - Initializing ProtocolHandler ["http-nio-8080"]
2025-04-12 12:46:42 - INFO - Starting service [Tomcat]
2025-04-12 12:46:42 - INFO - Starting Servlet engine: [Apache Tomcat/10.1.39]
2025-04-12 12:46:42 - INFO - Initializing Spring embedded WebApplicationContext
2025-04-12 12:46:42 - INFO - Root WebApplicationContext: initialization completed in 1016 ms
2025-04-12 12:46:42 - INFO - Starting ProtocolHandler ["http-nio-8080"]
2025-04-12 12:46:42 - INFO - Tomcat started on port 8080 (http) with context path '/'
2025-04-12 12:46:47 - INFO - Initializing Spring DispatcherServlet 'dispatcherServlet'
2025-04-12 12:46:47 - INFO - Initializing Servlet 'dispatcherServlet'
2025-04-12 12:46:47 - INFO - Completed initialization in 0 ms
2025-04-12 12:46:48 - ERROR - Execute fail: docker exec jdk21-container javac file_run_1002/Car.java with exit code 1
2025-04-12 12:48:27 - INFO - Commencing graceful shutdown. Waiting for active requests to complete
2025-04-12 12:48:27 - INFO - Graceful shutdown complete
2025-04-12 12:50:37 - ERROR - *****START COMPILING*****
2025-04-12 12:53:26 - ERROR - *****START COMPILING*****
2025-04-12 12:59:16 - INFO - *****START COMPILING*****
2025-04-12 12:59:16 - INFO - *****COMPILING FAIL: java.lang.RuntimeException: myself.programing.coding.exception.DockerExecuteException: Can't finish: docker exec jdk21-container javac file_run_1002/Car.java file_run_1002/Car.java:4: error: ';' expected
        System.out.println("hello car")
                                       ^
1 error
*****
2025-04-12 12:59:25 - INFO - *****START COMPILING*****
2025-04-12 12:59:25 - INFO - *****START COMPILING*****
2025-04-12 12:59:26 - INFO - *****START COMPILING*****
2025-04-12 12:59:26 - INFO - *****COMPILING FAIL: java.lang.RuntimeException: myself.programing.coding.exception.DockerExecuteException: Can't finish: docker exec jdk21-container javac file_run_1002/Car.java file_run_1002/Car.java:4: error: ';' expected
        System.out.println("hello car")
                                       ^
1 error
*****
2025-04-12 12:59:27 - INFO - *****COMPILING FAIL: java.lang.RuntimeException: myself.programing.coding.exception.DockerExecuteException: Can't finish: docker exec jdk21-container javac file_run_1002/Car.java file_run_1002/Car.java:4: error: ';' expected
        System.out.println("hello car")
                                       ^
1 error
*****
2025-04-12 12:59:27 - INFO - *****COMPILING FAIL: java.lang.RuntimeException: myself.programing.coding.exception.DockerExecuteException: Can't finish: docker exec jdk21-container javac file_run_1002/Car.java file_run_1002/Car.java:4: error: ';' expected
        System.out.println("hello car")
                                       ^
1 error
*****
2025-04-12 13:03:10 - ERROR - *****COMPILING FAIL BY ERROR SYSTEM: Task java.util.concurrent.FutureTask@4d9ce1b6[Not completed, task = myself.programing.coding.services.javaCoding.threads.ThreadForJavaCompileCode$$Lambda/0x000001da01521818@49a36c5a] rejected from java.util.concurrent.ThreadPoolExecutor@58015e56[Terminated, pool size = 0, active threads = 0, queued tasks = 0, completed tasks = 2]*****
2025-04-12 13:03:48 - ERROR - *****COMPILING FAIL BY ERROR SYSTEM: Task java.util.concurrent.FutureTask@364c8e8b[Not completed, task = myself.programing.coding.services.javaCoding.threads.ThreadForJavaCompileCode$$Lambda/0x000001da01521818@388b77ea] rejected from java.util.concurrent.ThreadPoolExecutor@58015e56[Terminated, pool size = 0, active threads = 0, queued tasks = 0, completed tasks = 2]*****
2025-04-12 13:06:13 - ERROR - *****COMPILING FAIL BY ERROR SYSTEM: Task java.util.concurrent.FutureTask@18925402[Not completed, task = myself.programing.coding.services.javaCoding.threads.ThreadForJavaCompileCode$$Lambda/0x000001772851f450@1cadd34f] rejected from java.util.concurrent.ThreadPoolExecutor@141d3d43[Terminated, pool size = 0, active threads = 0, queued tasks = 0, completed tasks = 2]*****
2025-04-13 17:16:35 - ERROR - *****RUN FAIL BY ERROR SYSTEM: Cannot invoke "myself.programing.coding.repository.TestCaseRepository.findByChallengeId(int)" because "this.testCaseRepository" is null*****
2025-06-16 16:02:49 - ERROR - *****COMPILING FAIL BY ERROR SYSTEM: Cannot invoke "myself.programing.coding.services.pythonCoding.threads.ThreadForPythonCompileCode.compile(String, java.lang.Long)" because "this.threadForPythonCompileCode" is null*****
2025-06-16 16:02:51 - ERROR - *****COMPILING FAIL BY ERROR SYSTEM: Cannot invoke "myself.programing.coding.services.pythonCoding.threads.ThreadForPythonCompileCode.compile(String, java.lang.Long)" because "this.threadForPythonCompileCode" is null*****
2025-06-16 16:30:19 - ERROR - *****RUN FAIL BY ERROR SYSTEM: Task java.util.concurrent.FutureTask@6a6f5cf3[Not completed, task = myself.programing.coding.services.rustCoding.threads.ThreadsForRustRunCode$$Lambda/0x0000702634e6e140@1db40f01] rejected from java.util.concurrent.ThreadPoolExecutor@faff2bf[Terminated, pool size = 0, active threads = 0, queued tasks = 0, completed tasks = 1]*****
2025-06-16 16:30:21 - ERROR - *****RUN FAIL BY ERROR SYSTEM: Task java.util.concurrent.FutureTask@7cbc9441[Not completed, task = myself.programing.coding.services.rustCoding.threads.ThreadsForRustRunCode$$Lambda/0x0000702634e6e140@665385b2] rejected from java.util.concurrent.ThreadPoolExecutor@faff2bf[Terminated, pool size = 0, active threads = 0, queued tasks = 0, completed tasks = 1]*****
2025-06-16 16:30:29 - ERROR - *****COMPILING FAIL BY ERROR SYSTEM: Task java.util.concurrent.FutureTask@4fbc2d98[Not completed, task = myself.programing.coding.services.rustCoding.threads.ThreadsForRustCompileCode$$Lambda/0x0000702634e64480@7e9f4f49] rejected from java.util.concurrent.ThreadPoolExecutor@2b454886[Terminated, pool size = 0, active threads = 0, queued tasks = 0, completed tasks = 1]*****
2025-06-16 16:30:32 - ERROR - *****COMPILING FAIL BY ERROR SYSTEM: Task java.util.concurrent.FutureTask@386f27cb[Not completed, task = myself.programing.coding.services.rustCoding.threads.ThreadsForRustCompileCode$$Lambda/0x0000702634e64480@4c9bb3cf] rejected from java.util.concurrent.ThreadPoolExecutor@2b454886[Terminated, pool size = 0, active threads = 0, queued tasks = 0, completed tasks = 1]*****
2025-06-16 16:30:49 - ERROR - *****COMPILING FAIL BY ERROR SYSTEM: Task java.util.concurrent.FutureTask@1f2433de[Not completed, task = myself.programing.coding.services.rustCoding.threads.ThreadsForRustCompileCode$$Lambda/0x0000702634e64480@57bc2802] rejected from java.util.concurrent.ThreadPoolExecutor@2b454886[Terminated, pool size = 0, active threads = 0, queued tasks = 0, completed tasks = 1]*****
2025-06-16 16:30:51 - ERROR - *****COMPILING FAIL BY ERROR SYSTEM: Task java.util.concurrent.FutureTask@1469f941[Not completed, task = myself.programing.coding.services.rustCoding.threads.ThreadsForRustCompileCode$$Lambda/0x0000702634e64480@6b966438] rejected from java.util.concurrent.ThreadPoolExecutor@2b454886[Terminated, pool size = 0, active threads = 0, queued tasks = 0, completed tasks = 1]*****
2025-06-16 16:32:03 - ERROR - *****COMPILING FAIL BY ERROR SYSTEM: Task java.util.concurrent.FutureTask@6dd307f9[Not completed, task = myself.programing.coding.services.rustCoding.threads.ThreadsForRustCompileCode$$Lambda/0x0000702634e64480@4c4c33f0] rejected from java.util.concurrent.ThreadPoolExecutor@2b454886[Terminated, pool size = 0, active threads = 0, queued tasks = 0, completed tasks = 1]*****
2025-06-16 16:37:50 - ERROR - *****COMPILING FAIL BY ERROR SYSTEM: Task java.util.concurrent.FutureTask@3c7e5c1a[Not completed, task = myself.programing.coding.services.rustCoding.threads.ThreadsForRustCompileCode$$Lambda/0x000073b230e60e98@50f71eae] rejected from java.util.concurrent.ThreadPoolExecutor@3015fc1b[Terminated, pool size = 0, active threads = 0, queued tasks = 0, completed tasks = 1]*****
2025-06-16 16:37:52 - ERROR - *****COMPILING FAIL BY ERROR SYSTEM: Task java.util.concurrent.FutureTask@3a65eec7[Not completed, task = myself.programing.coding.services.rustCoding.threads.ThreadsForRustCompileCode$$Lambda/0x000073b230e60e98@a885568] rejected from java.util.concurrent.ThreadPoolExecutor@3015fc1b[Terminated, pool size = 0, active threads = 0, queued tasks = 0, completed tasks = 1]*****
2025-06-16 16:37:53 - ERROR - *****COMPILING FAIL BY ERROR SYSTEM: Task java.util.concurrent.FutureTask@3a815bd7[Not completed, task = myself.programing.coding.services.rustCoding.threads.ThreadsForRustCompileCode$$Lambda/0x000073b230e60e98@5b996fbd] rejected from java.util.concurrent.ThreadPoolExecutor@3015fc1b[Terminated, pool size = 0, active threads = 0, queued tasks = 0, completed tasks = 1]*****
2025-06-16 16:37:53 - ERROR - *****COMPILING FAIL BY ERROR SYSTEM: Task java.util.concurrent.FutureTask@4d6f3c4d[Not completed, task = myself.programing.coding.services.rustCoding.threads.ThreadsForRustCompileCode$$Lambda/0x000073b230e60e98@38966f8a] rejected from java.util.concurrent.ThreadPoolExecutor@3015fc1b[Terminated, pool size = 0, active threads = 0, queued tasks = 0, completed tasks = 1]*****
2025-06-16 16:37:58 - ERROR - *****COMPILING FAIL BY ERROR SYSTEM: Task java.util.concurrent.FutureTask@406b7a4b[Not completed, task = myself.programing.coding.services.rustCoding.threads.ThreadsForRustCompileCode$$Lambda/0x000073b230e60e98@4e743aa6] rejected from java.util.concurrent.ThreadPoolExecutor@3015fc1b[Terminated, pool size = 0, active threads = 0, queued tasks = 0, completed tasks = 1]*****
2025-06-16 16:38:00 - ERROR - *****RUN FAIL BY ERROR SYSTEM: Task java.util.concurrent.FutureTask@1db40f01[Not completed, task = myself.programing.coding.services.rustCoding.threads.ThreadsForRustRunCode$$Lambda/0x000073b230e6b570@52aacdcb] rejected from java.util.concurrent.ThreadPoolExecutor@793c2cde[Terminated, pool size = 0, active threads = 0, queued tasks = 0, completed tasks = 1]*****
2025-06-16 16:40:24 - ERROR - *****COMPILING FAIL BY ERROR SYSTEM: Task java.util.concurrent.FutureTask@4369222d[Not completed, task = myself.programing.coding.services.javaCoding.threads.ThreadForJavaCompileCode$$Lambda/0x000073b230e6e3f8@31512f9f] rejected from java.util.concurrent.ThreadPoolExecutor@56972302[Terminated, pool size = 0, active threads = 0, queued tasks = 0, completed tasks = 1]*****
2025-06-16 16:40:25 - ERROR - *****COMPILING FAIL BY ERROR SYSTEM: Task java.util.concurrent.FutureTask@1b0db461[Not completed, task = myself.programing.coding.services.javaCoding.threads.ThreadForJavaCompileCode$$Lambda/0x000073b230e6e3f8@7c77863a] rejected from java.util.concurrent.ThreadPoolExecutor@56972302[Terminated, pool size = 0, active threads = 0, queued tasks = 0, completed tasks = 1]*****
2025-06-16 16:40:29 - ERROR - *****RUN FAIL BY ERROR SYSTEM: Task java.util.concurrent.FutureTask@5376021c[Not completed, task = myself.programing.coding.services.javaCoding.threads.ThreadsForJavaRunCode$$Lambda/0x000073b230e6e610@24ab0c12] rejected from java.util.concurrent.ThreadPoolExecutor@25379b3c[Terminated, pool size = 0, active threads = 0, queued tasks = 0, completed tasks = 1]*****
2025-06-16 16:58:48 - ERROR - *****COMPILING FAIL BY ERROR SYSTEM: Task java.util.concurrent.FutureTask@1926cc3e[Not completed, task = myself.programing.coding.services.rustCoding.threads.ThreadsForRustCompileCode$$Lambda/0x00007903c4f1f628@2e912e44] rejected from java.util.concurrent.ThreadPoolExecutor@70903e7b[Terminated, pool size = 0, active threads = 0, queued tasks = 0, completed tasks = 1]*****
2025-06-17 08:27:13 - ERROR - *****RUN FAIL BY ERROR SYSTEM: Task java.util.concurrent.FutureTask@158fbb7f[Not completed, task = myself.programing.coding.services.javaCoding.threads.ThreadsForJavaRunCode$$Lambda/0x0000722cd0e55250@2ebb4386] rejected from java.util.concurrent.ThreadPoolExecutor@2df491be[Terminated, pool size = 0, active threads = 0, queued tasks = 0, completed tasks = 1]*****
2025-06-17 08:33:35 - ERROR - *****RUN FAIL BY ERROR SYSTEM: Task java.util.concurrent.FutureTask@6cb21bd[Not completed, task = myself.programing.coding.services.pythonCoding.threads.ThreadForPythonRunCode$$Lambda/0x0000787190e7ce18@6b0e2973] rejected from java.util.concurrent.ThreadPoolExecutor@493557d7[Terminated, pool size = 0, active threads = 0, queued tasks = 0, completed tasks = 1]*****
2025-06-17 08:56:36 - ERROR - *****RUN FAIL BY ERROR SYSTEM: Invalid return type for async method (only Future and void supported): class java.lang.String*****
2025-06-17 08:57:29 - ERROR - *****RUN FAIL BY ERROR SYSTEM: Invalid return type for async method (only Future and void supported): class java.lang.String*****
